// Jest Snapshot v1, https://goo.gl/fbAQLP

exports[`TrayMenu tray is set with the correct parameters 1`] = `
[
  {
    "enabled": false,
    "icon": "/path/to/fake/assets/canutin-tray-icon.png",
    "id": "menu-server-status",
    "label": "Canutin is running",
  },
  {
    "type": "separator",
  },
  {
    "click": [Function],
    "id": "menu-server-toggle",
    "label": "Stop Canutin",
    "visible": true,
  },
  {
    "type": "separator",
  },
  {
    "enabled": false,
    "id": "menu-vault-path",
    "label": "/fake/path/to/Canutin.vault",
  },
  {
    "accelerator": "Ctrl+S",
    "click": [Function],
    "id": "menu-vault-open",
    "label": "Switch vault...",
  },
  {
    "type": "separator",
  },
  {
    "click": [Function],
    "label": "About",
  },
  {
    "accelerator": "Alt+F4",
    "click": [Function],
    "label": "Quit",
  },
]
`;
